/

SUBSTR(RV_ SUBSTR(RV_ SUBSTR(RV_DOMAIN,1,25)    SUBSTR(RV_MEANING,1,50)                                                                                                                                                                                                                                                                                                                                                                                                                                                                                                                                                                                                                                                                                                                                                                                                                                                                                                                                                                 
---------- ---------- ------------------------- --------------------------------------------------                                                                                                                                                                                                                                                                                                                                                                                                                                                                                                                                                                                                                                                                                                                                                                                                                                                                                                                                      
CRG                   AGRUPADOR CONTABLE        Prestación Servicios Salud                                                                                                                                                                                                                                                                                                                                                                                                                                                                                                                                                                                                                                                                                                                                                                                                                                                                                                                                                              
%                     AGRUPADOR CONTABLE ESPECI General                                                                                                                                                                                                                                                                                                                                                                                                                                                                                                                                                                                                                                                                                                                                                                                                                                                                                                                                                                                 
1                     AGRUPADOR CONTABLE ESPECI Consult Ext/Farm                                                                                                                                                                                                                                                                                                                                                                                                                                                                                                                                                                                                                                                                                                                                                                                                                                                                                                                                                                        
2                     AGRUPADOR CONTABLE ESPECI Emergencia                                                                                                                                                                                                                                                                                                                                                                                                                                                                                                                                                                                                                                                                                                                                                                                                                                                                                                                                                                              
3                     AGRUPADOR CONTABLE ESPECI Cuidados Intensivos                                                                                                                                                                                                                                                                                                                                                                                                                                                                                                                                                                                                                                                                                                                                                                                                                                                                                                                                                                     
4                     AGRUPADOR CONTABLE ESPECI Primer Piso                                                                                                                                                                                                                                                                                                                                                                                                                                                                                                                                                                                                                                                                                                                                                                                                                                                                                                                                                                             
5                     AGRUPADOR CONTABLE ESPECI Segundo Piso                                                                                                                                                                                                                                                                                                                                                                                                                                                                                                                                                                                                                                                                                                                                                                                                                                                                                                                                                                            
6                     AGRUPADOR CONTABLE ESPECI Tercer Piso                                                                                                                                                                                                                                                                                                                                                                                                                                                                                                                                                                                                                                                                                                                                                                                                                                                                                                                                                                             
%                     AGRUPADOR CONTABLE GENERA General                                                                                                                                                                                                                                                                                                                                                                                                                                                                                                                                                                                                                                                                                                                                                                                                                                                                                                                                                                                 
1                     AGRUPADOR CONTABLE GENERA Primer Piso                                                                                                                                                                                                                                                                                                                                                                                                                                                                                                                                                                                                                                                                                                                                                                                                                                                                                                                                                                             
2                     AGRUPADOR CONTABLE GENERA Segundo Piso                                                                                                                                                                                                                                                                                                                                                                                                                                                                                                                                                                                                                                                                                                                                                                                                                                                                                                                                                                            
3                     AGRUPADOR CONTABLE GENERA Tercer Piso                                                                                                                                                                                                                                                                                                                                                                                                                                                                                                                                                                                                                                                                                                                                                                                                                                                                                                                                                                             
4                     AGRUPADOR CONTABLE GENERA Quirofanos                                                                                                                                                                                                                                                                                                                                                                                                                                                                                                                                                                                                                                                                                                                                                                                                                                                                                                                                                                              
5                     AGRUPADOR CONTABLE GENERA Quimio Ambulatoria                                                                                                                                                                                                                                                                                                                                                                                                                                                                                                                                                                                                                                                                                                                                                                                                                                                                                                                                                                      
6                     AGRUPADOR CONTABLE GENERA Venta Externa                                                                                                                                                                                                                                                                                                                                                                                                                                                                                                                                                                                                                                                                                                                                                                                                                                                                                                                                                                           
A                     AGRUPADOR CONTABLE GENERA Preconsulta                                                                                                                                                                                                                                                                                                                                                                                                                                                                                                                                                                                                                                                                                                                                                                                                                                                                                                                                                                             
B                     AGRUPADOR CONTABLE GENERA Medicina Interna                                                                                                                                                                                                                                                                                                                                                                                                                                                                                                                                                                                                                                                                                                                                                                                                                                                                                                                                                                        
C                     AGRUPADOR CONTABLE GENERA Oncologia Clinica                                                                                                                                                                                                                                                                                                                                                                                                                                                                                                                                                                                                                                                                                                                                                                                                                                                                                                                                                                       
D                     AGRUPADOR CONTABLE GENERA Gastroenterologia                                                                                                                                                                                                                                                                                                                                                                                                                                                                                                                                                                                                                                                                                                                                                                                                                                                                                                                                                                       
E                     AGRUPADOR CONTABLE GENERA Pediatria Oncologica                                                                                                                                                                                                                                                                                                                                                                                                                                                                                                                                                                                                                                                                                                                                                                                                                                                                                                                                                                    
F                     AGRUPADOR CONTABLE GENERA Neumologia                                                                                                                                                                                                                                                                                                                                                                                                                                                                                                                                                                                                                                                                                                                                                                                                                                                                                                                                                                              
G                     AGRUPADOR CONTABLE GENERA Psiquiatria                                                                                                                                                                                                                                                                                                                                                                                                                                                                                                                                                                                                                                                                                                                                                                                                                                                                                                                                                                             
H                     AGRUPADOR CONTABLE GENERA Cuidados Intensivos                                                                                                                                                                                                                                                                                                                                                                                                                                                                                                                                                                                                                                                                                                                                                                                                                                                                                                                                                                     
I                     AGRUPADOR CONTABLE GENERA Cuidados Paliativos                                                                                                                                                                                                                                                                                                                                                                                                                                                                                                                                                                                                                                                                                                                                                                                                                                                                                                                                                                     
J                     AGRUPADOR CONTABLE GENERA Emergencia                                                                                                                                                                                                                                                                                                                                                                                                                                                                                                                                                                                                                                                                                                                                                                                                                                                                                                                                                                              
K                     AGRUPADOR CONTABLE GENERA Anestesiologia                                                                                                                                                                                                                                                                                                                                                                                                                                                                                                                                                                                                                                                                                                                                                                                                                                                                                                                                                                          
L                     AGRUPADOR CONTABLE GENERA Cabeza, Cuello y Piel                                                                                                                                                                                                                                                                                                                                                                                                                                                                                                                                                                                                                                                                                                                                                                                                                                                                                                                                                                   
M                     AGRUPADOR CONTABLE GENERA Mastologia y Melanomas                                                                                                                                                                                                                                                                                                                                                                                                                                                                                                                                                                                                                                                                                                                                                                                                                                                                                                                                                                  
N                     AGRUPADOR CONTABLE GENERA Tumores Mixtos                                                                                                                                                                                                                                                                                                                                                                                                                                                                                                                                                                                                                                                                                                                                                                                                                                                                                                                                                                          
O                     AGRUPADOR CONTABLE GENERA Urologia                                                                                                                                                                                                                                                                                                                                                                                                                                                                                                                                                                                                                                                                                                                                                                                                                                                                                                                                                                                
P                     AGRUPADOR CONTABLE GENERA Ortopedia                                                                                                                                                                                                                                                                                                                                                                                                                                                                                                                                                                                                                                                                                                                                                                                                                                                                                                                                                                               
Q                     AGRUPADOR CONTABLE GENERA Neurocirugia                                                                                                                                                                                                                                                                                                                                                                                                                                                                                                                                                                                                                                                                                                                                                                                                                                                                                                                                                                            
R                     AGRUPADOR CONTABLE GENERA Ginecologia                                                                                                                                                                                                                                                                                                                                                                                                                                                                                                                                                                                                                                                                                                                                                                                                                                                                                                                                                                             
S                     AGRUPADOR CONTABLE GENERA Medicina Fisica                                                                                                                                                                                                                                                                                                                                                                                                                                                                                                                                                                                                                                                                                                                                                                                                                                                                                                                                                                         
T                     AGRUPADOR CONTABLE GENERA Lab Imagen                                                                                                                                                                                                                                                                                                                                                                                                                                                                                                                                                                                                                                                                                                                                                                                                                                                                                                                                                                              
U                     AGRUPADOR CONTABLE GENERA Lab Clinico                                                                                                                                                                                                                                                                                                                                                                                                                                                                                                                                                                                                                                                                                                                                                                                                                                                                                                                                                                             
V                     AGRUPADOR CONTABLE GENERA Lab Citologia                                                                                                                                                                                                                                                                                                                                                                                                                                                                                                                                                                                                                                                                                                                                                                                                                                                                                                                                                                           
W                     AGRUPADOR CONTABLE GENERA Lab Patologia                                                                                                                                                                                                                                                                                                                                                                                                                                                                                                                                                                                                                                                                                                                                                                                                                                                                                                                                                                           
X                     AGRUPADOR CONTABLE GENERA Lab Genetica                                                                                                                                                                                                                                                                                                                                                                                                                                                                                                                                                                                                                                                                                                                                                                                                                                                                                                                                                                            
Y                     AGRUPADOR CONTABLE GENERA Radiooncologia                                                                                                                                                                                                                                                                                                                                                                                                                                                                                                                                                                                                                                                                                                                                                                                                                                                                                                                                                                          
Z                     AGRUPADOR CONTABLE GENERA Medicina Nuclear                                                                                                                                                                                                                                                                                                                                                                                                                                                                                                                                                                                                                                                                                                                                                                                                                                                                                                                                                                        
a                     AGRUPADOR CONTABLE GENERA Cruz Roja                                                                                                                                                                                                                                                                                                                                                                                                                                                                                                                                                                                                                                                                                                                                                                                                                                                                                                                                                                               
b                     AGRUPADOR CONTABLE GENERA Conclina                                                                                                                                                                                                                                                                                                                                                                                                                                                                                                                                                                                                                                                                                                                                                                                                                                                                                                                                                                                
c                     AGRUPADOR CONTABLE GENERA Cemedcom                                                                                                                                                                                                                                                                                                                                                                                                                                                                                                                                                                                                                                                                                                                                                                                                                                                                                                                                                                                
d                     AGRUPADOR CONTABLE GENERA Oncomed                                                                                                                                                                                                                                                                                                                                                                                                                                                                                                                                                                                                                                                                                                                                                                                                                                                                                                                                                                                 

45 rows selected.

SQL> 