/
Enter value for clave: 564
old   5: WHERE (MVM.CMP_CLAVE=&CLAVE) and
new   5: WHERE (MVM.CMP_CLAVE=564) and

SS_S_ NOMBRE                                                                           DESCRIPCION                                                                                               DEBE     HABER                                                                                                                                                                                                                                                                                                                                                                                                                                                                                                                                                                                                                                                                                                                                                                                                                         
----- -------------------------------------------------------------------------------- ---------------------------------------------------------------------------------------------------- --------- ---------                                                                                                                                                                                                                                                                                                                                                                                                                                                                                                                                                                                                                                                                                                                                                                                                                         
1     ANTICIPO A EMPLEADOS Y FUNCIONARIOS                                              PRESTAMO POR COBRAR DESCUENTOS DEFEBRUARY/2007                                                               0      7300                                                                                                                                                                                                                                                                                                                                                                                                                                                                                                                                                                                                                                                                                                                                                                                                                         
1     BELLSOUTH                                                                        TELEFONIA MOVIL DESCUENTOS DEFEBRUARY/2007                                                                   0   4058.73                                                                                                                                                                                                                                                                                                                                                                                                                                                                                                                                                                                                                                                                                                                                                                                                                         
1     CUENTAS POR COBRAR APORTES IESS                                                  CUENTAS X COBRAR APORTES IESS de FEBRUARY/2007                                                        10667.32         0                                                                                                                                                                                                                                                                                                                                                                                                                                                                                                                                                                                                                                                                                                                                                                                                                         
1     CUENTAS POR COBRAR FUNCIONARIOS Y E                                              ALMACEN DESCUENTOS DEFEBRUARY/2007                                                                           0   1100.03                                                                                                                                                                                                                                                                                                                                                                                                                                                                                                                                                                                                                                                                                                                                                                                                                         
1     CUENTAS POR COBRAR FUNCIONARIOS Y E                                              OTROS EGRESOS DESCUENTOS DEFEBRUARY/2007                                                                     0    496.47                                                                                                                                                                                                                                                                                                                                                                                                                                                                                                                                                                                                                                                                                                                                                                                                                         
1     CUENTAS POR COBRAR FUNCIONARIOS Y E                                              CUENTAS POR COBRAR DESCUENTOS DEFEBRUARY/2007                                                                0    305.81                                                                                                                                                                                                                                                                                                                                                                                                                                                                                                                                                                                                                                                                                                                                                                                                                         
1     CUENTAS POR COBRAR FUNCIONARIOS Y E                                              SUPERMAXI DESCUENTOS DEFEBRUARY/2007                                                                         0         4                                                                                                                                                                                                                                                                                                                                                                                                                                                                                                                                                                                                                                                                                                                                                                                                                         
2     APORTE INDIVIDUAL                                                                APORTE PERSONAL AL IESS DESCUENTOS DEFEBRUARY/2007                                                           0  40122.28                                                                                                                                                                                                                                                                                                                                                                                                                                                                                                                                                                                                                                                                                                                                                                                                                         
2     APORTE INDIVIDUAL                                                                PROVISION APORTE IESS PERSONAL DESCUENTOS DEFEBRUARY/2007                                                    0  10667.32                                                                                                                                                                                                                                                                                                                                                                                                                                                                                                                                                                                                                                                                                                                                                                                                                         
2     APORTE PATRONAL                                                                  APORTE PATRONAL AL IESS DESCUENTOS DEFEBRUARY/2007                                                           0   42721.3                                                                                                                                                                                                                                                                                                                                                                                                                                                                                                                                                                                                                                                                                                                                                                                                                         
2     APORTE PATRONAL                                                                  PROVISION APORTE IESS PATRONAL DESCUENTOS DEFEBRUARY/2007                                                    0  11358.32                                                                                                                                                                                                                                                                                                                                                                                                                                                                                                                                                                                                                                                                                                                                                                                                                         
2     ASOCIACION DE EMPLEADOS                                                          ASOCIACION DE EMPLEADOS DESCUENTOS DEFEBRUARY/2007                                                           0     121.4                                                                                                                                                                                                                                                                                                                                                                                                                                                                                                                                                                                                                                                                                                                                                                                                                         
2     ASOCIACION DE MEDICOS                                                            ASOCIACION DE MEDICOS DESCUENTOS DEFEBRUARY/2007                                                             0       600                                                                                                                                                                                                                                                                                                                                                                                                                                                                                                                                                                                                                                                                                                                                                                                                                         
2     COLEGIO DE ENFERMERAS DE PICHINCHA                                               COLEGIO ENFERMERAS DESCUENTOS DEFEBRUARY/2007                                                                0        57                                                                                                                                                                                                                                                                                                                                                                                                                                                                                                                                                                                                                                                                                                                                                                                                                         
2     COLEGIO MEDICO DE PICHINCHA                                                      COLEGIO DE MEDICOS DESCUENTOS DEFEBRUARY/2007                                                                0    894.04                                                                                                                                                                                                                                                                                                                                                                                                                                                                                                                                                                                                                                                                                                                                                                                                                         
2     COOPERATIVA                                                                      COOPERATIVA DESCUENTOS DEFEBRUARY/2007                                                                       0       465                                                                                                                                                                                                                                                                                                                                                                                                                                                                                                                                                                                                                                                                                                                                                                                                                         
2     CUENTAS POR PAGAR BANCOS                                                         Bco Pichincha DE FEBRUARY/2007                                                                               0 142346.76                                                                                                                                                                                                                                                                                                                                                                                                                                                                                                                                                                                                                                                                                                                                                                                                                         
2     CUENTAS POR PAGAR BANCOS                                                         Produbanco DE FEBRUARY/2007                                                                                  0 105488.86                                                                                                                                                                                                                                                                                                                                                                                                                                                                                                                                                                                                                                                                                                                                                                                                                         
2     CUENTAS POR PAGAR BANCOS                                                         Bco Pacifico DE FEBRUARY/2007                                                                                0   4935.38                                                                                                                                                                                                                                                                                                                                                                                                                                                                                                                                                                                                                                                                                                                                                                                                                         
2     CUENTAS POR PAGAR FUNCIONARIOS Y EMPLEADOS                                       DEVOLUCION DE SERVICIO DE TELE de FEBRUARY/2007                                                         388.91         0                                                                                                                                                                                                                                                                                                                                                                                                                                                                                                                                                                                                                                                                                                                                                                                                                         
2     IECE 0,5%                                                                        IECE DESCUENTOS DEFEBRUARY/2007                                                                              0   2056.26                                                                                                                                                                                                                                                                                                                                                                                                                                                                                                                                                                                                                                                                                                                                                                                                                         
2     IMPUESTO A LA RENTA SUELDOS                                                      IMPUESTO A LA RENTA DESCUENTOS DEFEBRUARY/2007                                                               0   3928.78                                                                                                                                                                                                                                                                                                                                                                                                                                                                                                                                                                                                                                                                                                                                                                                                                         
2     OTROS INGRESOS REMUNERACIONES                                                    OTROS INGRESOS de FEBRUARY/2007                                                                          510.3         0                                                                                                                                                                                                                                                                                                                                                                                                                                                                                                                                                                                                                                                                                                                                                                                                                         
2     PRESTAMOS IESS                                                                   PRESTAMO I.E.S.S. DESCUENTOS DEFEBRUARY/2007                                                                 0   13871.4                                                                                                                                                                                                                                                                                                                                                                                                                                                                                                                                                                                                                                                                                                                                                                                                                         
2     PRODUBANCO                                                                       FONDO CESANTIA DESCUENTOS DEFEBRUARY/2007                                                                    0      2455                                                                                                                                                                                                                                                                                                                                                                                                                                                                                                                                                                                                                                                                                                                                                                                                                         
2     RETENCIONES JUDICIALES                                                           TRIBUNAL DE MENORES DESCUENTOS DEFEBRUARY/2007                                                               0     825.6                                                                                                                                                                                                                                                                                                                                                                                                                                                                                                                                                                                                                                                                                                                                                                                                                         
2     SECAP 0,5%                                                                       SECAP DESCUENTOS DEFEBRUARY/2007                                                                             0   2056.26                                                                                                                                                                                                                                                                                                                                                                                                                                                                                                                                                                                                                                                                                                                                                                                                                         
5     APORTE PATRONAL                                                                  APORTE PATRONAL AL IESS de FEBRUARY/2007                                                              42721.32         0                                                                                                                                                                                                                                                                                                                                                                                                                                                                                                                                                                                                                                                                                                                                                                                                                         
5     APORTE PATRONAL                                                                  PROVISION APORTE IESS PATRONAL de FEBRUARY/2007                                                        11358.3         0                                                                                                                                                                                                                                                                                                                                                                                                                                                                                                                                                                                                                                                                                                                                                                                                                         
5     BECAS                                                                            BECA CALCULADO de FEBRUARY/2007                                                                            900         0                                                                                                                                                                                                                                                                                                                                                                                                                                                                                                                                                                                                                                                                                                                                                                                                                         
5     BONIFICACION MEDICA                                                              BONO MEDICO CALCULADO de FEBRUARY/2007                                                                12817.34         0                                                                                                                                                                                                                                                                                                                                                                                                                                                                                                                                                                                                                                                                                                                                                                                                                         
5     BONIFICACION MEDICA                                                              SUB ENF BON MEDICO de FEBRUARY/2007                                                                      20.83         0                                                                                                                                                                                                                                                                                                                                                                                                                                                                                                                                                                                                                                                                                                                                                                                                                         
5     BONIFICACION POR JEFATURA                                                        BONO JEFATURA CALCULADO de FEBRUARY/2007                                                                   800         0                                                                                                                                                                                                                                                                                                                                                                                                                                                                                                                                                                                                                                                                                                                                                                                                                         
5     BONIFICACION POR RESPONSABILIDAD                                                 BONO RESPONSABILIDAD de FEBRUARY/2007                                                                 65565.93         0                                                                                                                                                                                                                                                                                                                                                                                                                                                                                                                                                                                                                                                                                                                                                                                                                         
5     BONIFICACION POR RESPONSABILIDAD                                                 SUB ENF RESPONSABILIDAD de FEBRUARY/2007                                                                 92.26         0                                                                                                                                                                                                                                                                                                                                                                                                                                                                                                                                                                                                                                                                                                                                                                                                                         
5     BONIFICACION POR RESPONSABILIDAD                                                 DSC MAT RESPONSABILIDAD DESCUENTOS DEFEBRUARY/2007                                                           0    206.25                                                                                                                                                                                                                                                                                                                                                                                                                                                                                                                                                                                                                                                                                                                                                                                                                         
5     COMISARIATO                                                                      BONO COMISARIATO CALCULADO de FEBRUARY/2007                                                           40039.97         0                                                                                                                                                                                                                                                                                                                                                                                                                                                                                                                                                                                                                                                                                                                                                                                                                         
5     COMISARIATO                                                                      SUB ENF COMISARIATO de FEBRUARY/2007                                                                     57.36         0                                                                                                                                                                                                                                                                                                                                                                                                                                                                                                                                                                                                                                                                                                                                                                                                                         
5     COMISARIATO                                                                      DSC MAT BON COMISARIATO DESCUENTOS DEFEBRUARY/2007                                                           0       168                                                                                                                                                                                                                                                                                                                                                                                                                                                                                                                                                                                                                                                                                                                                                                                                                         
5     COMPONENTES SALARIALES INCORPORADOS                                              COMPONENTE INCORPORADO de FEBRUARY/2007                                                               28128.13         0                                                                                                                                                                                                                                                                                                                                                                                                                                                                                                                                                                                                                                                                                                                                                                                                                         
5     COMPONENTES SALARIALES INCORPORADOS                                              SUB ENF COMP INCORPORADOS de FEBRUARY/2007                                                               40.27         0                                                                                                                                                                                                                                                                                                                                                                                                                                                                                                                                                                                                                                                                                                                                                                                                                         
5     COMPONENTES SALARIALES INCORPORADOS                                              DSC MAT COMP INCORPORADOS DESCUENTOS DEFEBRUARY/2007                                                         0    118.03                                                                                                                                                                                                                                                                                                                                                                                                                                                                                                                                                                                                                                                                                                                                                                                                                         
5     EDUCACION                                                                        SUBSIDIO DE EDUCACION de FEBRUARY/2007                                                                   48.16         0                                                                                                                                                                                                                                                                                                                                                                                                                                                                                                                                                                                                                                                                                                                                                                                                                         
5     GASTOS DE REPRESENTACION                                                         REPRESENTACION CALCULADO de FEBRUARY/2007                                                                 2796         0                                                                                                                                                                                                                                                                                                                                                                                                                                                                                                                                                                                                                                                                                                                                                                                                                         
5     GASTOS DE RESIDENCIA                                                             RESIDENCIA CALCULADO de FEBRUARY/2007                                                                     2796         0                                                                                                                                                                                                                                                                                                                                                                                                                                                                                                                                                                                                                                                                                                                                                                                                                         
5     GRATIFICACIONES Y COMPLEMENTOS EN EL PAIS                                        BON HORAS EXTRAORD.Y SUP CALC de FEBRUARY/2007                                                             120         0                                                                                                                                                                                                                                                                                                                                                                                                                                                                                                                                                                                                                                                                                                                                                                                                                         
5     GUARDERIA                                                                        GUARDERIA de FEBRUARY/2007                                                                                 515         0                                                                                                                                                                                                                                                                                                                                                                                                                                                                                                                                                                                                                                                                                                                                                                                                                         
5     HORAS EXTRAORDINARIAS Y SUPLEMENTARIAS                                           VALOR POR GUARDIA MEDICA de FEBRUARY/2007                                                              3647.28         0                                                                                                                                                                                                                                                                                                                                                                                                                                                                                                                                                                                                                                                                                                                                                                                                                         
5     HORAS EXTRAORDINARIAS Y SUPLEMENTARIAS                                           VALOR P0R VELADAS de FEBRUARY/2007                                                                     3244.85         0                                                                                                                                                                                                                                                                                                                                                                                                                                                                                                                                                                                                                                                                                                                                                                                                                         
5     HORAS EXTRAORDINARIAS Y SUPLEMENTARIAS                                           VALOR POR HORA 50 de FEBRUARY/2007                                                                     1690.57         0                                                                                                                                                                                                                                                                                                                                                                                                                                                                                                                                                                                                                                                                                                                                                                                                                         
5     HORAS EXTRAORDINARIAS Y SUPLEMENTARIAS                                           VALOR POR HORA 100 de FEBRUARY/2007                                                                    1290.19         0                                                                                                                                                                                                                                                                                                                                                                                                                                                                                                                                                                                                                                                                                                                                                                                                                         
5     IECE 0,5%                                                                        IECE de FEBRUARY/2007                                                                                  2056.25         0                                                                                                                                                                                                                                                                                                                                                                                                                                                                                                                                                                                                                                                                                                                                                                                                                         
5     SECAP 0,5%                                                                       SECAP de FEBRUARY/2007                                                                                 2056.25         0                                                                                                                                                                                                                                                                                                                                                                                                                                                                                                                                                                                                                                                                                                                                                                                                                         
5     SUBSIDIO POR AÑOS DE SERVICIO                                                    ANTIGUEDAD de FEBRUARY/2007                                                                           38504.17         0                                                                                                                                                                                                                                                                                                                                                                                                                                                                                                                                                                                                                                                                                                                                                                                                                         
5     SUBSIDIO POR AÑOS DE SERVICIO                                                    SUB ENF ANTIGUEDAD de FEBRUARY/2007                                                                      98.24         0                                                                                                                                                                                                                                                                                                                                                                                                                                                                                                                                                                                                                                                                                                                                                                                                                         
5     SUBSIDIO POR AÑOS DE SERVICIO                                                    DSC MAT ANTIGUEDAD DESCUENTOS DEFEBRUARY/2007                                                                0     17.05                                                                                                                                                                                                                                                                                                                                                                                                                                                                                                                                                                                                                                                                                                                                                                                                                         
5     SUELDOS                                                                          SUELDO de FEBRUARY/2007                                                                              123436.32         0                                                                                                                                                                                                                                                                                                                                                                                                                                                                                                                                                                                                                                                                                                                                                                                                                         
5     SUELDOS                                                                          SUB ENF SUELDO BASICO de FEBRUARY/2007                                                                  174.03         0                                                                                                                                                                                                                                                                                                                                                                                                                                                                                                                                                                                                                                                                                                                                                                                                                         
5     SUELDOS                                                                          DSC MAT SUELDO BASICO DESCUENTOS DEFEBRUARY/2007                                                             0    397.72                                                                                                                                                                                                                                                                                                                                                                                                                                                                                                                                                                                                                                                                                                                                                                                                                         
5     TRANSPORTE DE PERSONAL                                                           TRANSPORTE de FEBRUARY/2007                                                                             2561.5         0                                                                                                                                                                                                                                                                                                                                                                                                                                                                                                                                                                                                                                                                                                                                                                                                                         
9     APORTE PATRONAL                                                                  APORTE PATRONAL AL IESS SUELDOS DE FEBRUARY/2007                                                       42721.3         0                                                                                                                                                                                                                                                                                                                                                                                                                                                                                                                                                                                                                                                                                                                                                                                                                         
9     APORTE PATRONAL                                                                  PROVISION APORTE IESS PATRONAL SUELDOS DE FEBRUARY/2007                                               11358.31         0                                                                                                                                                                                                                                                                                                                                                                                                                                                                                                                                                                                                                                                                                                                                                                                                                         
9     BECAS                                                                            BECA CALCULADO SUELDOS DE FEBRUARY/2007                                                                    900         0                                                                                                                                                                                                                                                                                                                                                                                                                                                                                                                                                                                                                                                                                                                                                                                                                         
9     BONIFICACION MEDICA                                                              BONO MEDICO CALCULADO SUELDOS DE FEBRUARY/2007                                                        12817.33         0                                                                                                                                                                                                                                                                                                                                                                                                                                                                                                                                                                                                                                                                                                                                                                                                                         
9     BONIFICACION MEDICA                                                              SUB ENF BON MEDICO SUELDOS DE FEBRUARY/2007                                                              20.83         0                                                                                                                                                                                                                                                                                                                                                                                                                                                                                                                                                                                                                                                                                                                                                                                                                         
9     BONIFICACION POR JEFATURA                                                        BONO JEFATURA CALCULADO SUELDOS DE FEBRUARY/2007                                                           800         0                                                                                                                                                                                                                                                                                                                                                                                                                                                                                                                                                                                                                                                                                                                                                                                                                         
9     BONIFICACION POR RESPONSABILIDAD                                                 BONO RESPONSABILIDAD SUELDOS DE FEBRUARY/2007                                                         65565.93         0                                                                                                                                                                                                                                                                                                                                                                                                                                                                                                                                                                                                                                                                                                                                                                                                                         
9     BONIFICACION POR RESPONSABILIDAD                                                 SUB ENF RESPONSABILIDAD SUELDOS DE FEBRUARY/2007                                                         92.24         0                                                                                                                                                                                                                                                                                                                                                                                                                                                                                                                                                                                                                                                                                                                                                                                                                         
9     BONIFICACION POR RESPONSABILIDAD                                                 DSC MAT RESPONSABILIDAD FEBRUARY/2007                                                                        0    206.24                                                                                                                                                                                                                                                                                                                                                                                                                                                                                                                                                                                                                                                                                                                                                                                                                         
9     COMISARIATO                                                                      BONO COMISARIATO CALCULADO SUELDOS DE FEBRUARY/2007                                                   40040.01         0                                                                                                                                                                                                                                                                                                                                                                                                                                                                                                                                                                                                                                                                                                                                                                                                                         
9     COMISARIATO                                                                      SUB ENF COMISARIATO SUELDOS DE FEBRUARY/2007                                                             57.33         0                                                                                                                                                                                                                                                                                                                                                                                                                                                                                                                                                                                                                                                                                                                                                                                                                         
9     COMISARIATO                                                                      DSC MAT BON COMISARIATO FEBRUARY/2007                                                                        0       168                                                                                                                                                                                                                                                                                                                                                                                                                                                                                                                                                                                                                                                                                                                                                                                                                         
9     COMPONENTES SALARIALES INCORPORADO                                               COMPONENTE INCORPORADO SUELDOS DE FEBRUARY/2007                                                       28128.09         0                                                                                                                                                                                                                                                                                                                                                                                                                                                                                                                                                                                                                                                                                                                                                                                                                         
9     COMPONENTES SALARIALES INCORPORADO                                               SUB ENF COMP INCORPORADOS SUELDOS DE FEBRUARY/2007                                                       40.28         0                                                                                                                                                                                                                                                                                                                                                                                                                                                                                                                                                                                                                                                                                                                                                                                                                         
9     COMPONENTES SALARIALES INCORPORADO                                               DSC MAT COMP INCORPORADOS FEBRUARY/2007                                                                      0    118.02                                                                                                                                                                                                                                                                                                                                                                                                                                                                                                                                                                                                                                                                                                                                                                                                                         
9     EDUCACION                                                                        SUBSIDIO DE EDUCACION SUELDOS DE FEBRUARY/2007                                                           48.16         0                                                                                                                                                                                                                                                                                                                                                                                                                                                                                                                                                                                                                                                                                                                                                                                                                         
9     GASTOS DE REPRESENTACION                                                         REPRESENTACION CALCULADO SUELDOS DE FEBRUARY/2007                                                         2796         0                                                                                                                                                                                                                                                                                                                                                                                                                                                                                                                                                                                                                                                                                                                                                                                                                         
9     GASTOS DE RESIDENCIA                                                             RESIDENCIA CALCULADO SUELDOS DE FEBRUARY/2007                                                             2796         0                                                                                                                                                                                                                                                                                                                                                                                                                                                                                                                                                                                                                                                                                                                                                                                                                         
9     GRATIFICACIONES Y COMPLE. EN  PAIS                                               BON HORAS EXTRAORD.Y SUP CALC SUELDOS DE FEBRUARY/2007                                                     120         0                                                                                                                                                                                                                                                                                                                                                                                                                                                                                                                                                                                                                                                                                                                                                                                                                         
9     GUARDERIA                                                                        GUARDERIA SUELDOS DE FEBRUARY/2007                                                                         515         0                                                                                                                                                                                                                                                                                                                                                                                                                                                                                                                                                                                                                                                                                                                                                                                                                         
9     HORAS EXTRAORDINARIAS Y SUPLEMENTARIAS                                           VALOR POR GUARDIA MEDICA SUELDOS DE FEBRUARY/2007                                                      3647.28         0                                                                                                                                                                                                                                                                                                                                                                                                                                                                                                                                                                                                                                                                                                                                                                                                                         
9     HORAS EXTRAORDINARIAS Y SUPLEMENTARIAS                                           VALOR P0R VELADAS SUELDOS DE FEBRUARY/2007                                                             3244.86         0                                                                                                                                                                                                                                                                                                                                                                                                                                                                                                                                                                                                                                                                                                                                                                                                                         
9     HORAS EXTRAORDINARIAS Y SUPLEMENTARIAS                                           VALOR POR HORA 50 SUELDOS DE FEBRUARY/2007                                                             1690.59         0                                                                                                                                                                                                                                                                                                                                                                                                                                                                                                                                                                                                                                                                                                                                                                                                                         
9     HORAS EXTRAORDINARIAS Y SUPLEMENTARIAS                                           VALOR POR HORA 100 SUELDOS DE FEBRUARY/2007                                                            1290.19         0                                                                                                                                                                                                                                                                                                                                                                                                                                                                                                                                                                                                                                                                                                                                                                                                                         
9     IECE                                                                             IECE SUELDOS DE FEBRUARY/2007                                                                          2056.26         0                                                                                                                                                                                                                                                                                                                                                                                                                                                                                                                                                                                                                                                                                                                                                                                                                         
9     SECAP                                                                            SECAP SUELDOS DE FEBRUARY/2007                                                                         2056.26         0                                                                                                                                                                                                                                                                                                                                                                                                                                                                                                                                                                                                                                                                                                                                                                                                                         
9     SUBSIDIO POR AÑOS DE SERVICIO                                                    ANTIGUEDAD SUELDOS DE FEBRUARY/2007                                                                   38504.19         0                                                                                                                                                                                                                                                                                                                                                                                                                                                                                                                                                                                                                                                                                                                                                                                                                         
9     SUBSIDIO POR AÑOS DE SERVICIO                                                    SUB ENF ANTIGUEDAD SUELDOS DE FEBRUARY/2007                                                              98.25         0                                                                                                                                                                                                                                                                                                                                                                                                                                                                                                                                                                                                                                                                                                                                                                                                                         
9     SUBSIDIO POR AÑOS DE SERVICIO                                                    DSC MAT ANTIGUEDAD FEBRUARY/2007                                                                             0     17.05                                                                                                                                                                                                                                                                                                                                                                                                                                                                                                                                                                                                                                                                                                                                                                                                                         
9     SUELDOS                                                                          SUELDO SUELDOS DE FEBRUARY/2007                                                                      123436.34         0                                                                                                                                                                                                                                                                                                                                                                                                                                                                                                                                                                                                                                                                                                                                                                                                                         
9     SUELDOS                                                                          SUB ENF SUELDO BASICO SUELDOS DE FEBRUARY/2007                                                          174.03         0                                                                                                                                                                                                                                                                                                                                                                                                                                                                                                                                                                                                                                                                                                                                                                                                                         
9     SUELDOS                                                                          DSC MAT SUELDO BASICO FEBRUARY/2007                                                                          0    397.73                                                                                                                                                                                                                                                                                                                                                                                                                                                                                                                                                                                                                                                                                                                                                                                                                         
9     TRANSPORTE DE PERSONAL                                                           TRANSPORTE SUELDOS DE FEBRUARY/2007                                                                     2561.5         0                                                                                                                                                                                                                                                                                                                                                                                                                                                                                                                                                                                                                                                                                                                                                                                                                         

93 rows selected.

SQL> 