/
Enter value for clave: 133
old   6: and (MVM.CMP_CLAVE=&CLAVE) and
new   6: and (MVM.CMP_CLAVE=133) and

SS_S_ NOMBRE                                                                           DESCRIPCION                                                                                               DEBE     HABER                                                                                                                                                                                                                                                                                                                                                                                                                                                                                                                                                                                                                                                                                                                                                                                                                         
----- -------------------------------------------------------------------------------- ---------------------------------------------------------------------------------------------------- --------- ---------                                                                                                                                                                                                                                                                                                                                                                                                                                                                                                                                                                                                                                                                                                                                                                                                                         
1     ANTICIPO A EMPLEADOS Y FUNCIONARIOS                                              PRESTAMO POR COBRAR DESCUENTOS DEJANUARY/2007                                                                0       250                                                                                                                                                                                                                                                                                                                                                                                                                                                                                                                                                                                                                                                                                                                                                                                                                         
1     BELLSOUTH                                                                        TELEFONIA MOVIL DESCUENTOS DEJANUARY/2007                                                                    0   3474.39                                                                                                                                                                                                                                                                                                                                                                                                                                                                                                                                                                                                                                                                                                                                                                                                                         
1     CUENTAS POR COBRAR APORTES IESS                                                  CUENTAS X COBRAR APORTES IESS de JANUARY/2007                                                         15975.45         0                                                                                                                                                                                                                                                                                                                                                                                                                                                                                                                                                                                                                                                                                                                                                                                                                         
1     CUENTAS POR COBRAR FUNCIONARIOS Y E                                              ALMACEN DESCUENTOS DEJANUARY/2007                                                                            0   1375.35                                                                                                                                                                                                                                                                                                                                                                                                                                                                                                                                                                                                                                                                                                                                                                                                                         
1     CUENTAS POR COBRAR FUNCIONARIOS Y E                                              OTROS EGRESOS DESCUENTOS DEJANUARY/2007                                                                      0     80.68                                                                                                                                                                                                                                                                                                                                                                                                                                                                                                                                                                                                                                                                                                                                                                                                                         
1     CUENTAS POR COBRAR FUNCIONARIOS Y E                                              CUENTAS POR COBRAR DESCUENTOS DEJANUARY/2007                                                                 0      27.4                                                                                                                                                                                                                                                                                                                                                                                                                                                                                                                                                                                                                                                                                                                                                                                                                         
1     CUENTAS POR COBRAR FUNCIONARIOS Y E                                              SUPERMAXI DESCUENTOS DEJANUARY/2007                                                                          0         2                                                                                                                                                                                                                                                                                                                                                                                                                                                                                                                                                                                                                                                                                                                                                                                                                         
2     APORTE INDIVIDUAL                                                                APORTE PERSONAL AL IESS DESCUENTOS DEJANUARY/2007                                                            0  40065.17                                                                                                                                                                                                                                                                                                                                                                                                                                                                                                                                                                                                                                                                                                                                                                                                                         
2     APORTE INDIVIDUAL                                                                PROVISION APORTE IESS PERSONAL DESCUENTOS DEJANUARY/2007                                                     0  15975.45                                                                                                                                                                                                                                                                                                                                                                                                                                                                                                                                                                                                                                                                                                                                                                                                                         
2     APORTE PATRONAL                                                                  APORTE PATRONAL AL IESS DESCUENTOS DEJANUARY/2007                                                            0  42660.48                                                                                                                                                                                                                                                                                                                                                                                                                                                                                                                                                                                                                                                                                                                                                                                                                         
2     APORTE PATRONAL                                                                  PROVISION APORTE IESS PATRONAL DESCUENTOS DEJANUARY/2007                                                     0   17010.3                                                                                                                                                                                                                                                                                                                                                                                                                                                                                                                                                                                                                                                                                                                                                                                                                         
2     ASOCIACION DE EMPLEADOS                                                          ASOCIACION DE EMPLEADOS DESCUENTOS DEJANUARY/2007                                                            0  18211.27                                                                                                                                                                                                                                                                                                                                                                                                                                                                                                                                                                                                                                                                                                                                                                                                                         
2     ASOCIACION DE MEDICOS                                                            ASOCIACION DE MEDICOS DESCUENTOS DEJANUARY/2007                                                              0       624                                                                                                                                                                                                                                                                                                                                                                                                                                                                                                                                                                                                                                                                                                                                                                                                                         
2     COLEGIO DE ENFERMERAS DE PICHINCHA                                               COLEGIO ENFERMERAS DESCUENTOS DEJANUARY/2007                                                                 0        57                                                                                                                                                                                                                                                                                                                                                                                                                                                                                                                                                                                                                                                                                                                                                                                                                         
2     COLEGIO MEDICO DE PICHINCHA                                                      COLEGIO DE MEDICOS DESCUENTOS DEJANUARY/2007                                                                 0    943.64                                                                                                                                                                                                                                                                                                                                                                                                                                                                                                                                                                                                                                                                                                                                                                                                                         
2     COOPERATIVA                                                                      COOPERATIVA DESCUENTOS DEJANUARY/2007                                                                        0       570                                                                                                                                                                                                                                                                                                                                                                                                                                                                                                                                                                                                                                                                                                                                                                                                                         
2     CUENTAS POR PAGAR BANCOS                                                         Bco Pichincha DE JANUARY/2007                                                                                0 131000.11                                                                                                                                                                                                                                                                                                                                                                                                                                                                                                                                                                                                                                                                                                                                                                                                                         
2     CUENTAS POR PAGAR BANCOS                                                         Produbanco DE JANUARY/2007                                                                                   0  100110.5                                                                                                                                                                                                                                                                                                                                                                                                                                                                                                                                                                                                                                                                                                                                                                                                                         
2     CUENTAS POR PAGAR BANCOS                                                         Bco Pacifico DE JANUARY/2007                                                                                 0   4530.15                                                                                                                                                                                                                                                                                                                                                                                                                                                                                                                                                                                                                                                                                                                                                                                                                         
2     CUENTAS POR PAGAR FUNCIONARIOS Y EMPLEADOS                                       DEVOLUCION DE SERVICIO DE TELE de JANUARY/2007                                                           384.3         0                                                                                                                                                                                                                                                                                                                                                                                                                                                                                                                                                                                                                                                                                                                                                                                                                         
2     IECE 0,5%                                                                        IECE DESCUENTOS DEJANUARY/2007                                                                               0   2268.85                                                                                                                                                                                                                                                                                                                                                                                                                                                                                                                                                                                                                                                                                                                                                                                                                         
2     IMPUESTO A LA RENTA SUELDOS                                                      IMPUESTO A LA RENTA DESCUENTOS DEJANUARY/2007                                                                0   6460.56                                                                                                                                                                                                                                                                                                                                                                                                                                                                                                                                                                                                                                                                                                                                                                                                                         
2     OTROS INGRESOS REMUNERACIONES                                                    OTROS INGRESOS de JANUARY/2007                                                                              12         0                                                                                                                                                                                                                                                                                                                                                                                                                                                                                                                                                                                                                                                                                                                                                                                                                         
2     PRESTAMOS IESS                                                                   PRESTAMO I.E.S.S. DESCUENTOS DEJANUARY/2007                                                                  0  16253.95                                                                                                                                                                                                                                                                                                                                                                                                                                                                                                                                                                                                                                                                                                                                                                                                                         
2     PRODUBANCO                                                                       FONDO CESANTIA DESCUENTOS DEJANUARY/2007                                                                     0      1768                                                                                                                                                                                                                                                                                                                                                                                                                                                                                                                                                                                                                                                                                                                                                                                                                         
2     RETENCIONES JUDICIALES                                                           TRIBUNAL DE MENORES DESCUENTOS DEJANUARY/2007                                                                0       788                                                                                                                                                                                                                                                                                                                                                                                                                                                                                                                                                                                                                                                                                                                                                                                                                         
2     SECAP 0,5%                                                                       SECAP DESCUENTOS DEJANUARY/2007                                                                              0   2268.85                                                                                                                                                                                                                                                                                                                                                                                                                                                                                                                                                                                                                                                                                                                                                                                                                         
5     APORTE PATRONAL                                                                  APORTE PATRONAL AL IESS de JANUARY/2007                                                                42660.5         0                                                                                                                                                                                                                                                                                                                                                                                                                                                                                                                                                                                                                                                                                                                                                                                                                         
5     APORTE PATRONAL                                                                  PROVISION APORTE IESS PATRONAL de JANUARY/2007                                                        17010.34         0                                                                                                                                                                                                                                                                                                                                                                                                                                                                                                                                                                                                                                                                                                                                                                                                                         
5     BECAS                                                                            BECA CALCULADO de JANUARY/2007                                                                             900         0                                                                                                                                                                                                                                                                                                                                                                                                                                                                                                                                                                                                                                                                                                                                                                                                                         
5     BONIFICACION MEDICA                                                              BONO MEDICO CALCULADO de JANUARY/2007                                                                 12840.67         0                                                                                                                                                                                                                                                                                                                                                                                                                                                                                                                                                                                                                                                                                                                                                                                                                         
5     BONIFICACION MEDICA                                                              SUB ENF BON MEDICO de JANUARY/2007                                                                        1.67         0                                                                                                                                                                                                                                                                                                                                                                                                                                                                                                                                                                                                                                                                                                                                                                                                                         
5     BONIFICACION MEDICA                                                              DSC MAT BON MEDICO DESCUENTOS DEJANUARY/2007                                                                 0       120                                                                                                                                                                                                                                                                                                                                                                                                                                                                                                                                                                                                                                                                                                                                                                                                                         
5     BONIFICACION POR JEFATURA                                                        BONO JEFATURA CALCULADO de JANUARY/2007                                                                    800         0                                                                                                                                                                                                                                                                                                                                                                                                                                                                                                                                                                                                                                                                                                                                                                                                                         
5     BONIFICACION POR RESPONSABILIDAD                                                 BONO RESPONSABILIDAD de JANUARY/2007                                                                  65276.07         0                                                                                                                                                                                                                                                                                                                                                                                                                                                                                                                                                                                                                                                                                                                                                                                                                         
5     BONIFICACION POR RESPONSABILIDAD                                                 SUB ENF RESPONSABILIDAD de JANUARY/2007                                                                  59.06         0                                                                                                                                                                                                                                                                                                                                                                                                                                                                                                                                                                                                                                                                                                                                                                                                                         
5     BONIFICACION POR RESPONSABILIDAD                                                 DSC MAT RESPONSABILIDAD DESCUENTOS DEJANUARY/2007                                                            0    507.19                                                                                                                                                                                                                                                                                                                                                                                                                                                                                                                                                                                                                                                                                                                                                                                                                         
5     COMISARIATO                                                                      BONO COMISARIATO CALCULADO de JANUARY/2007                                                            39903.99         0                                                                                                                                                                                                                                                                                                                                                                                                                                                                                                                                                                                                                                                                                                                                                                                                                         
5     COMISARIATO                                                                      SUB ENF COMISARIATO de JANUARY/2007                                                                      41.33         0                                                                                                                                                                                                                                                                                                                                                                                                                                                                                                                                                                                                                                                                                                                                                                                                                         
5     COMISARIATO                                                                      DSC MAT BON COMISARIATO DESCUENTOS DEJANUARY/2007                                                            0       324                                                                                                                                                                                                                                                                                                                                                                                                                                                                                                                                                                                                                                                                                                                                                                                                                         
5     COMPONENTES SALARIALES INCORPORADOS                                              COMPONENTE INCORPORADO de JANUARY/2007                                                                28032.57         0                                                                                                                                                                                                                                                                                                                                                                                                                                                                                                                                                                                                                                                                                                                                                                                                                         
5     COMPONENTES SALARIALES INCORPORADOS                                              SUB ENF COMP INCORPORADOS de JANUARY/2007                                                                29.04         0                                                                                                                                                                                                                                                                                                                                                                                                                                                                                                                                                                                                                                                                                                                                                                                                                         
5     COMPONENTES SALARIALES INCORPORADOS                                              DSC MAT COMP INCORPORADOS DESCUENTOS DEJANUARY/2007                                                          0    227.61                                                                                                                                                                                                                                                                                                                                                                                                                                                                                                                                                                                                                                                                                                                                                                                                                         
5     EDUCACION                                                                        SUBSIDIO DE EDUCACION de JANUARY/2007                                                                    48.16         0                                                                                                                                                                                                                                                                                                                                                                                                                                                                                                                                                                                                                                                                                                                                                                                                                         
5     GASTOS DE REPRESENTACION                                                         REPRESENTACION CALCULADO de JANUARY/2007                                                                  2796         0                                                                                                                                                                                                                                                                                                                                                                                                                                                                                                                                                                                                                                                                                                                                                                                                                         
5     GASTOS DE RESIDENCIA                                                             RESIDENCIA CALCULADO de JANUARY/2007                                                                      2796         0                                                                                                                                                                                                                                                                                                                                                                                                                                                                                                                                                                                                                                                                                                                                                                                                                         
5     GRATIFICACIONES Y COMPLEMENTOS EN EL PAIS                                        BON HORAS EXTRAORD.Y SUP CALC de JANUARY/2007                                                              120         0                                                                                                                                                                                                                                                                                                                                                                                                                                                                                                                                                                                                                                                                                                                                                                                                                         
5     GUARDERIA                                                                        GUARDERIA de JANUARY/2007                                                                                  429         0                                                                                                                                                                                                                                                                                                                                                                                                                                                                                                                                                                                                                                                                                                                                                                                                                         
5     HORAS EXTRAORDINARIAS Y SUPLEMENTARIAS                                           VALOR POR GUARDIA MEDICA de JANUARY/2007                                                               3087.36         0                                                                                                                                                                                                                                                                                                                                                                                                                                                                                                                                                                                                                                                                                                                                                                                                                         
5     HORAS EXTRAORDINARIAS Y SUPLEMENTARIAS                                           VALOR P0R VELADAS de JANUARY/2007                                                                      2752.93         0                                                                                                                                                                                                                                                                                                                                                                                                                                                                                                                                                                                                                                                                                                                                                                                                                         
5     HORAS EXTRAORDINARIAS Y SUPLEMENTARIAS                                           VALOR POR HORA 100 de JANUARY/2007                                                                     2647.64         0                                                                                                                                                                                                                                                                                                                                                                                                                                                                                                                                                                                                                                                                                                                                                                                                                         
5     HORAS EXTRAORDINARIAS Y SUPLEMENTARIAS                                           VALOR POR HORA 50 de JANUARY/2007                                                                      2202.34         0                                                                                                                                                                                                                                                                                                                                                                                                                                                                                                                                                                                                                                                                                                                                                                                                                         
5     IECE 0,5%                                                                        IECE de JANUARY/2007                                                                                   2268.82         0                                                                                                                                                                                                                                                                                                                                                                                                                                                                                                                                                                                                                                                                                                                                                                                                                         
5     SECAP 0,5%                                                                       SECAP de JANUARY/2007                                                                                  2268.82         0                                                                                                                                                                                                                                                                                                                                                                                                                                                                                                                                                                                                                                                                                                                                                                                                                         
5     SUBSIDIO POR AÑOS DE SERVICIO                                                    ANTIGUEDAD de JANUARY/2007                                                                            38373.37         0                                                                                                                                                                                                                                                                                                                                                                                                                                                                                                                                                                                                                                                                                                                                                                                                                         
5     SUBSIDIO POR AÑOS DE SERVICIO                                                    SUB ENF ANTIGUEDAD de JANUARY/2007                                                                       52.18         0                                                                                                                                                                                                                                                                                                                                                                                                                                                                                                                                                                                                                                                                                                                                                                                                                         
5     SUBSIDIO POR AÑOS DE SERVICIO                                                    DSC MAT ANTIGUEDAD DESCUENTOS DEJANUARY/2007                                                                 0    108.94                                                                                                                                                                                                                                                                                                                                                                                                                                                                                                                                                                                                                                                                                                                                                                                                                         
5     SUELDOS                                                                          SUELDO de JANUARY/2007                                                                               122905.38         0                                                                                                                                                                                                                                                                                                                                                                                                                                                                                                                                                                                                                                                                                                                                                                                                                         
5     SUELDOS                                                                          SUB ENF SUELDO BASICO de JANUARY/2007                                                                    114.8         0                                                                                                                                                                                                                                                                                                                                                                                                                                                                                                                                                                                                                                                                                                                                                                                                                         
5     SUELDOS                                                                          DSC MAT SUELDO BASICO DESCUENTOS DEJANUARY/2007                                                              0    963.45                                                                                                                                                                                                                                                                                                                                                                                                                                                                                                                                                                                                                                                                                                                                                                                                                         
5     TRANSPORTE DE PERSONAL                                                           TRANSPORTE de JANUARY/2007                                                                              2237.5         0                                                                                                                                                                                                                                                                                                                                                                                                                                                                                                                                                                                                                                                                                                                                                                                                                         
9     APORTE PATRONAL                                                                  APORTE PATRONAL AL IESS SUELDOS DE JANUARY/2007                                                       42660.48         0                                                                                                                                                                                                                                                                                                                                                                                                                                                                                                                                                                                                                                                                                                                                                                                                                         
9     APORTE PATRONAL                                                                  PROVISION APORTE IESS PATRONAL SUELDOS DE JANUARY/2007                                                 17010.3         0                                                                                                                                                                                                                                                                                                                                                                                                                                                                                                                                                                                                                                                                                                                                                                                                                         
9     BECAS                                                                            BECA CALCULADO SUELDOS DE JANUARY/2007                                                                     900         0                                                                                                                                                                                                                                                                                                                                                                                                                                                                                                                                                                                                                                                                                                                                                                                                                         
9     BONIFICACION MEDICA                                                              BONO MEDICO CALCULADO SUELDOS DE JANUARY/2007                                                         12840.67         0                                                                                                                                                                                                                                                                                                                                                                                                                                                                                                                                                                                                                                                                                                                                                                                                                         
9     BONIFICACION MEDICA                                                              SUB ENF BON MEDICO SUELDOS DE JANUARY/2007                                                                1.67         0                                                                                                                                                                                                                                                                                                                                                                                                                                                                                                                                                                                                                                                                                                                                                                                                                         
9     BONIFICACION MEDICA                                                              DSC MAT BON MEDICO JANUARY/2007                                                                              0       120                                                                                                                                                                                                                                                                                                                                                                                                                                                                                                                                                                                                                                                                                                                                                                                                                         
9     BONIFICACION POR JEFATURA                                                        BONO JEFATURA CALCULADO SUELDOS DE JANUARY/2007                                                            800         0                                                                                                                                                                                                                                                                                                                                                                                                                                                                                                                                                                                                                                                                                                                                                                                                                         
9     BONIFICACION POR RESPONSABILIDAD                                                 BONO RESPONSABILIDAD SUELDOS DE JANUARY/2007                                                          65276.05         0                                                                                                                                                                                                                                                                                                                                                                                                                                                                                                                                                                                                                                                                                                                                                                                                                         
9     BONIFICACION POR RESPONSABILIDAD                                                 SUB ENF RESPONSABILIDAD SUELDOS DE JANUARY/2007                                                          59.05         0                                                                                                                                                                                                                                                                                                                                                                                                                                                                                                                                                                                                                                                                                                                                                                                                                         
9     BONIFICACION POR RESPONSABILIDAD                                                 DSC MAT RESPONSABILIDAD JANUARY/2007                                                                         0    507.18                                                                                                                                                                                                                                                                                                                                                                                                                                                                                                                                                                                                                                                                                                                                                                                                                         
9     COMISARIATO                                                                      BONO COMISARIATO CALCULADO SUELDOS DE JANUARY/2007                                                       39904         0                                                                                                                                                                                                                                                                                                                                                                                                                                                                                                                                                                                                                                                                                                                                                                                                                         
9     COMISARIATO                                                                      SUB ENF COMISARIATO SUELDOS DE JANUARY/2007                                                              41.33         0                                                                                                                                                                                                                                                                                                                                                                                                                                                                                                                                                                                                                                                                                                                                                                                                                         
9     COMISARIATO                                                                      DSC MAT BON COMISARIATO JANUARY/2007                                                                         0       324                                                                                                                                                                                                                                                                                                                                                                                                                                                                                                                                                                                                                                                                                                                                                                                                                         
9     COMPONENTES SALARIALES INCORPORADO                                               COMPONENTE INCORPORADO SUELDOS DE JANUARY/2007                                                        28032.56         0                                                                                                                                                                                                                                                                                                                                                                                                                                                                                                                                                                                                                                                                                                                                                                                                                         
9     COMPONENTES SALARIALES INCORPORADO                                               SUB ENF COMP INCORPORADOS SUELDOS DE JANUARY/2007                                                        29.04         0                                                                                                                                                                                                                                                                                                                                                                                                                                                                                                                                                                                                                                                                                                                                                                                                                         
9     COMPONENTES SALARIALES INCORPORADO                                               DSC MAT COMP INCORPORADOS JANUARY/2007                                                                       0    227.61                                                                                                                                                                                                                                                                                                                                                                                                                                                                                                                                                                                                                                                                                                                                                                                                                         
9     EDUCACION                                                                        SUBSIDIO DE EDUCACION SUELDOS DE JANUARY/2007                                                            48.16         0                                                                                                                                                                                                                                                                                                                                                                                                                                                                                                                                                                                                                                                                                                                                                                                                                         
9     GASTOS DE REPRESENTACION                                                         REPRESENTACION CALCULADO SUELDOS DE JANUARY/2007                                                          2796         0                                                                                                                                                                                                                                                                                                                                                                                                                                                                                                                                                                                                                                                                                                                                                                                                                         
9     GASTOS DE RESIDENCIA                                                             RESIDENCIA CALCULADO SUELDOS DE JANUARY/2007                                                              2796         0                                                                                                                                                                                                                                                                                                                                                                                                                                                                                                                                                                                                                                                                                                                                                                                                                         
9     GRATIFICACIONES Y COMPLE. EN  PAIS                                               BON HORAS EXTRAORD.Y SUP CALC SUELDOS DE JANUARY/2007                                                      120         0                                                                                                                                                                                                                                                                                                                                                                                                                                                                                                                                                                                                                                                                                                                                                                                                                         
9     GUARDERIA                                                                        GUARDERIA SUELDOS DE JANUARY/2007                                                                          429         0                                                                                                                                                                                                                                                                                                                                                                                                                                                                                                                                                                                                                                                                                                                                                                                                                         
9     HORAS EXTRAORDINARIAS Y SUPLEMENTARIAS                                           VALOR POR GUARDIA MEDICA SUELDOS DE JANUARY/2007                                                       3087.36         0                                                                                                                                                                                                                                                                                                                                                                                                                                                                                                                                                                                                                                                                                                                                                                                                                         
9     HORAS EXTRAORDINARIAS Y SUPLEMENTARIAS                                           VALOR P0R VELADAS SUELDOS DE JANUARY/2007                                                              2752.93         0                                                                                                                                                                                                                                                                                                                                                                                                                                                                                                                                                                                                                                                                                                                                                                                                                         
9     HORAS EXTRAORDINARIAS Y SUPLEMENTARIAS                                           VALOR POR HORA 100 SUELDOS DE JANUARY/2007                                                             2647.64         0                                                                                                                                                                                                                                                                                                                                                                                                                                                                                                                                                                                                                                                                                                                                                                                                                         
9     HORAS EXTRAORDINARIAS Y SUPLEMENTARIAS                                           VALOR POR HORA 50 SUELDOS DE JANUARY/2007                                                              2202.34         0                                                                                                                                                                                                                                                                                                                                                                                                                                                                                                                                                                                                                                                                                                                                                                                                                         
9     IECE                                                                             IECE SUELDOS DE JANUARY/2007                                                                           2268.85         0                                                                                                                                                                                                                                                                                                                                                                                                                                                                                                                                                                                                                                                                                                                                                                                                                         
9     SECAP                                                                            SECAP SUELDOS DE JANUARY/2007                                                                          2268.85         0                                                                                                                                                                                                                                                                                                                                                                                                                                                                                                                                                                                                                                                                                                                                                                                                                         
9     SUBSIDIO POR AÑOS DE SERVICIO                                                    ANTIGUEDAD SUELDOS DE JANUARY/2007                                                                     38373.4         0                                                                                                                                                                                                                                                                                                                                                                                                                                                                                                                                                                                                                                                                                                                                                                                                                         
9     SUBSIDIO POR AÑOS DE SERVICIO                                                    SUB ENF ANTIGUEDAD SUELDOS DE JANUARY/2007                                                                52.2         0                                                                                                                                                                                                                                                                                                                                                                                                                                                                                                                                                                                                                                                                                                                                                                                                                         
9     SUBSIDIO POR AÑOS DE SERVICIO                                                    DSC MAT ANTIGUEDAD JANUARY/2007                                                                              0    108.93                                                                                                                                                                                                                                                                                                                                                                                                                                                                                                                                                                                                                                                                                                                                                                                                                         
9     SUELDOS                                                                          SUELDO SUELDOS DE JANUARY/2007                                                                       122905.39         0                                                                                                                                                                                                                                                                                                                                                                                                                                                                                                                                                                                                                                                                                                                                                                                                                         
9     SUELDOS                                                                          SUB ENF SUELDO BASICO SUELDOS DE JANUARY/2007                                                           114.81         0                                                                                                                                                                                                                                                                                                                                                                                                                                                                                                                                                                                                                                                                                                                                                                                                                         
9     SUELDOS                                                                          DSC MAT SUELDO BASICO JANUARY/2007                                                                           0    963.45                                                                                                                                                                                                                                                                                                                                                                                                                                                                                                                                                                                                                                                                                                                                                                                                                         
9     TRANSPORTE DE PERSONAL                                                           TRANSPORTE SUELDOS DE JANUARY/2007                                                                      2237.5         0                                                                                                                                                                                                                                                                                                                                                                                                                                                                                                                                                                                                                                                                                                                                                                                                                         

95 rows selected.

SQL> SPOOL OFF
